/home/rollorsson/.local/lib/python3.14/site-packages/langchain_core/_api/deprecation.py:25: UserWarning: Core Pydantic V1 functionality isn't compatible with Python 3.14 or greater.
  from pydantic.v1.fields import FieldInfo as FieldInfoV1
/home/rollorsson/aihack/test_rag.py:23: LangChainDeprecationWarning: The class `HuggingFaceEmbeddings` was deprecated in LangChain 0.2.2 and will be removed in 1.0. An updated version of the class exists in the `langchain-huggingface package and should be used instead. To use it run `pip install -U `langchain-huggingface` and import as `from `langchain_huggingface import HuggingFaceEmbeddings``.
  embeddings = HuggingFaceEmbeddings(model_name=MODEL_NAME)
Warning: You are sending unauthenticated requests to the HF Hub. Please set a HF_TOKEN to enable higher rate limits and faster downloads.
🧪 Test del RAG...
============================================================
📚 Cargando modelo de embeddings...
Loading weights:   0%|          | 0/103 [00:00<?, ?it/s]Loading weights: 100%|██████████| 103/103 [00:00<00:00, 7938.36it/s]
[1mBertModel LOAD REPORT[0m from: sentence-transformers/all-MiniLM-L6-v2
Key                     | Status     |  | 
------------------------+------------+--+-
embeddings.position_ids | UNEXPECTED |  | 

Notes:
- UNEXPECTED:	can be ignored when loading from different task/architecture; not ok if you expect identical arch.
/home/rollorsson/aihack/test_rag.py:27: LangChainDeprecationWarning: The class `Chroma` was deprecated in LangChain 0.2.9 and will be removed in 1.0. An updated version of the class exists in the `langchain-chroma package and should be used instead. To use it run `pip install -U `langchain-chroma` and import as `from `langchain_chroma import Chroma``.
  db = Chroma(persist_directory=CHROMA_DIR, embedding_function=embeddings)
🔗 Conectando a ChromaDB... rag/chroma_db
📊 Total de documentos indexados: 0
❌ ERROR: ChromaDB está vacío
